// Vitest Snapshot v1, https://vitest.dev/guide/snapshot.html

exports[`TextInput > 正しく表示されること 1`] = `
<DocumentFragment>
  <div
    class="flex flex-col gap-1"
  >
    <label
      for="Label"
    >
      Label
    </label>
    <input
      class="block w-full rounded-lg border border-gray-300 bg-gray-100 p-4 focus:border-primary"
      id="Label"
      type="text"
    />
  </div>
</DocumentFragment>
`;
